// Jest Snapshot v1, https://goo.gl/fbAQLP

exports[`AccordionItem open / close renders an item closed 1`] = `
<div>
  <div
    class="tw-accordion-item p-a-0 tw-accordion-item--light closed"
  >
    <button
      aria-expanded="false"
      class="tw-accordion-item btn btn-link text-no-decoration decision"
      type="button"
    >
      <div
        class="media"
      >
        <div
          class="media-body title text-xs-left"
        >
          <span
            class="h5 tw-accordion-item__title"
          >
            This is title number one
          </span>
        </div>
        <div
          class="d-flex align-items-center media-right"
        >
          <span
            aria-hidden="true"
            class="tw-icon tw-icon-chevron-up tw-chevron chevron-color bottom"
            role="presentation"
          >
            <svg
              fill="currentColor"
              focusable="false"
              height="16"
              width="16"
            >
              <path
                clip-rule="evenodd"
                d="M8 4l-6.6 6.653L2.537 11.8 8 6.293l5.463 5.507 1.137-1.147L8 4z"
                fill-rule="evenodd"
              />
            </svg>
          </span>
        </div>
      </div>
    </button>
    <div
      class="accordion-content media"
    >
      <div
        aria-hidden="true"
        class="media-body p-t-2 p-b-3 p-l-2"
      >
        Lauri Ipsum has been the industry standard dummy text ever since the 1500s.
      </div>
    </div>
  </div>
</div>
`;

exports[`AccordionItem open / close renders an item open 1`] = `
<div>
  <div
    class="tw-accordion-item p-a-0 tw-accordion-item--light"
  >
    <button
      aria-expanded="true"
      class="tw-accordion-item btn btn-link text-no-decoration decision"
      type="button"
    >
      <div
        class="media"
      >
        <div
          class="media-body title text-xs-left"
        >
          <span
            class="h5 tw-accordion-item__title"
          >
            This is title number one
          </span>
        </div>
        <div
          class="d-flex align-items-center media-right"
        >
          <span
            aria-hidden="true"
            class="tw-icon tw-icon-chevron-up tw-chevron chevron-color top"
            role="presentation"
          >
            <svg
              fill="currentColor"
              focusable="false"
              height="16"
              width="16"
            >
              <path
                clip-rule="evenodd"
                d="M8 4l-6.6 6.653L2.537 11.8 8 6.293l5.463 5.507 1.137-1.147L8 4z"
                fill-rule="evenodd"
              />
            </svg>
          </span>
        </div>
      </div>
    </button>
    <div
      class="accordion-content media"
    >
      <div
        aria-hidden="false"
        class="media-body p-t-2 p-b-3 p-l-2"
      >
        Lauri Ipsum has been the industry standard dummy text ever since the 1500s.
      </div>
    </div>
  </div>
</div>
`;
