// Jest Snapshot v1, https://goo.gl/fbAQLP

exports[`Panel renders 1`] = `
<div>
  <div
    class="np-panel--open"
  >
    <span
      class="np-focus-boundary d-inline-block outline-none"
      tabindex="-1"
    >
      <div
        class="np-panel"
        style="position: absolute; left: 0px; top: 0px;"
      >
        <div
          class="np-panel__content"
        >
          <div>
            children
          </div>
          <div
            class="np-panel__arrow"
          />
        </div>
      </div>
    </span>
  </div>
</div>
`;
