// Jest Snapshot v1, https://goo.gl/fbAQLP

exports[`Popover on desktop renders when is open 1`] = `
<div
  class="np-panel np-panel--open np-popover__container"
  data-popper-escaped="true"
  data-popper-placement="right"
  data-popper-reference-hidden="true"
  style="position: absolute; left: 0px; top: 0px; transform: translate(16px, 0px);"
>
  <div
    class="np-panel__content"
  >
    <div
      aria-hidden="false"
      class="np-popover__content"
      role="tooltip"
    >
      <div
        aria-level="1"
        class="np-popover__title m-b-1"
        role="heading"
      >
        title
      </div>
      content
    </div>
    <div
      class="np-panel__arrow"
      style="position: absolute; top: 0px; transform: translate(0px, 0px);"
    />
  </div>
</div>
`;

exports[`Popover on mobile renders when is open 1`] = `
<div>
  <span
    class="np-popover"
  >
    <span
      class="d-inline-block"
    >
      <button
        type="button"
      >
        Open
      </button>
    </span>
    <div
      class="dimmer"
    >
      <div
        class="sliding-panel np-bottom-sheet np-popover__container"
      >
        <div
          class="np-bottom-sheet--top-bar"
        >
          <div
            class="np-bottom-sheet--handler"
          />
          <button
            aria-label="Close"
            class="np-close-button close btn-link text-no-decoration sr-only np-bottom-sheet--close-btn"
            type="button"
          >
            <span
              aria-hidden="true"
              class="tw-icon tw-icon-cross "
              role="presentation"
            >
              <svg
                fill="currentColor"
                focusable="false"
                height="16"
                width="16"
              >
                <path
                  d="M9.131 8l5.435-5.434-1.132-1.132L8 6.87 2.566 1.434 1.434 2.566 6.87 8l-5.435 5.434 1.132 1.132L8 9.13l5.434 5.435 1.132-1.132L9.13 8z"
                />
              </svg>
            </span>
          </button>
        </div>
        <div
          class="np-bottom-sheet--content"
          style="max-height: calc(768px - 64px - 32px);"
        >
          <div
            aria-hidden="false"
            class="np-popover__content"
            role="tooltip"
          >
            <div
              aria-level="1"
              class="np-popover__title m-b-1"
              role="heading"
            >
              title
            </div>
            content
          </div>
        </div>
      </div>
    </div>
  </span>
</div>
`;
