// Jest Snapshot v1, https://goo.gl/fbAQLP

exports[`Drawer doesn't render content when closed 1`] = `<div />`;

exports[`Drawer renders content when open 1`] = `
<div>
  <div
    class="dimmer"
  >
    <div
      class="sliding-panel"
    >
      <div
        class="np-drawer"
      >
        <div
          class="np-drawer-header"
        >
          <button
            aria-label="Close"
            class="np-close-button close btn-link text-no-decoration np-close-button--large"
            type="button"
          >
            <span
              aria-hidden="true"
              class="tw-icon tw-icon-cross "
              role="presentation"
            >
              <svg
                fill="currentColor"
                focusable="false"
                height="24"
                width="24"
              >
                <path
                  d="M12 13.414l7.293 7.293 1.414-1.414L13.414 12l7.293-7.293-1.414-1.414L12 10.586 4.707 3.293 3.293 4.707 10.586 12l-7.293 7.293 1.414 1.414L12 13.414z"
                />
              </svg>
            </span>
          </button>
        </div>
        <div
          class="np-drawer-content"
        >
          content
        </div>
      </div>
    </div>
  </div>
</div>
`;
